// Jest Snapshot v1, https://goo.gl/fbAQLP

exports[`MenuItem renders correctly 1`] = `
<a
  className="menuItem"
  onClick={[Function]}
  style={Object {}}
/>
`;
